// Jest Snapshot v1, https://goo.gl/fbAQLP

exports[`<Footer/> snapshot footer component 1`] = `
<div>
  <small
    class="d-flex flex-column justify-content-center align-items-center h-100 text-light"
    style="font-size: 0.8rem; font-family: 'Montserrat', monospace, 'Roboto', Arial, Helvetica, sans-serif !important;"
  >
    <div>
      Â©
      <time
        datetime="2022"
      >
        2022
      </time>
       Ilshaad Kheerdali
    </div>
  </small>
</div>
`;
