// Jest Snapshot v1, https://goo.gl/fbAQLP

exports[`One page testing iK renders a heading 1`] = `
<div>
  <div>
    <a
      href="/two"
    >
      to /two route
    </a>
    <h1>
      page one
    </h1>
  </div>
</div>
`;
